// Jest Snapshot v1, https://goo.gl/fbAQLP

exports[`FilterNavigation renders correctly 1`] = `
<a
  href="#"
  onClick={[Function]}
>
  X
</a>
`;
